Fixing Git Conflict...

=== Running: git checkout --theirs logs/experiment_data.json ===
git : Updated 1 path from the index
At line:1 char:1
+ git checkout --theirs logs/experiment_data.json 2>&1
+ ~~~~~~~~~~~~~~~~~~~~~~~~~~~~~~~~~~~~~~~~~~~~~~~~~~~~
    + CategoryInfo          : NotSpecified: (Updated 1 path from 
    the index:String) [], RemoteException
    + FullyQualifiedErrorId : NativeCommandError
 

=== Running: git add logs/experiment_data.json ===

=== Running: git rebase --continue ===
git : Vim: Warning: Output is not to a terminal
At line:1 char:1
+ git rebase --continue 2>&1
+ ~~~~~~~~~~~~~~~~~~~~~~~~~~
    + CategoryInfo          : NotSpecified: (Vim: Warning: O...t 
    to a terminal:String) [], RemoteException
    + FullyQualifiedErrorId : NativeCommandError
 
[?1049h[22;0;0t[>4;2m[?1h=[?2004h[?1004h[1;9r[?12h[?12l[22;2t[22;1t[27m[23m[29m[m[H[2J[?25l[9;1H<NAL/Refactoring-Swarm-Equipe-06/.git/COMMIT_EDITMSG"
<warm-Equipe-06/.git/COMMIT_EDITMSG" [unix] 33L, 1119B[1;1H[38;5;130mfix: fixing orch[m

[34m# Please enter the commit message for your changes. Lines starting[4;1H# with '#' will be ignored, and an empty message aborts the committ[5;1H.
#
# [m[35mAuthor:[m[34m    Bakhti Nabil Abdelkafi <nn_bakhti@esi.dz>[m
[1m[7m.git/COMMIT_EDITMSG [unix] (23:47 30/01/2026)              1,1 Top[1;1H[?25h[?25l[2;7r[m[2;1H[L[1;9r[1;2H[38;5;130mCan't push refs to remote. Try running "Pull" fir[mst to integrate  [2;1Hyour changes.ix: fixing orch[8;20H[1m[7m[+] [unix] (23:47 30/01/2026)[10C1,79 [m[9;1H[K[2;13H[?25h[?25l[9;1H[1m-- INSERT --[3;7r[m[3;1H[2L[1;9r[3;1H[97m[101mwershell -ExecutionPolicy Bypass -File fix_git_conflict.ps1[m[7;1H[94m@@@                                                               [m[8;59H[1m[7m 3,1 [4;1H[?25h[?25l[m[9;1H[K[8;58H[1m[7m3,0-1[4;1H[?25h[?25l[mgit push --set-upstream origin toolsmith[8;35H[1m[7m56 [20C 3,40 [4;40H[?25h[?25l[m[9;1H[1m-- INSERT --[1;7r[m[1;1H[3M[1;9r[2;7r[2;1H[2L[1;9r[2;1Hwershell -ExecutionPolicy Bypass -File simple_git_fix.ps1[6;1H[34m# with '#' will be ignored, and an empty message aborts the committ[7;1H.[m[8;59H[1m[7m 5,1  6%[3;1H[?25h[27m[23m[29m[m[H[2J[?25l[1;1H[97m[101mwershell -ExecutionPolicy Bypass -File fix_git_conflict.ps1[m
git push --set-upstream origin toolsmith
wershell -ExecutionPolicy Bypass -File simple_git_fix.ps1


[34m# Please enter the commit message for your changes. Lines starting
# with '#' will be ignored, and an empty message aborts the commit.[m
