Starting Git Sync...

=== Running: git fetch origin ===

=== Running: git status ===
On branch toolsmith
Untracked files:
  (use "git add <file>..." to include in what will be committed)
	debug_git.ps1
	fix_git_sync.ps1
	git_debug.log
	git_sync.log

nothing added to commit but untracked files present (use "git add" to track)

=== Running: git pull --rebase origin toolsmith ===
git : From https://github.com/TransformersIglTeam/Refactoring-Swarm-Equipe-06
At line:1 char:1
+ git pull --rebase origin toolsmith 2>&1
+ ~~~~~~~~~~~~~~~~~~~~~~~~~~~~~~~~~~~~~~~
    + CategoryInfo          : NotSpecified: (From https://gi...Swarm-Equipe-06:String) [], RemoteExcep 
   tion
    + FullyQualifiedErrorId : NativeCommandError
 
 * branch            toolsmith  -> FETCH_HEAD
Auto-merging logs/experiment_data.json
CONFLICT (content): Merge conflict in logs/experiment_data.json
Auto-merging src/agents/auditor/AuditorAgent.py
Rebasing (1/7)
error: could not apply 8e57442... fix: fixing orch
hint: Resolve all conflicts manually, mark them as resolved with
hint: "git add/rm <conflicted_files>", then run "git rebase --continue".
hint: You can instead skip this commit: run "git rebase --skip".
hint: To abort and get back to the state before "git rebase", run "git rebase --abort".
Could not apply 8e57442... fix: fixing orch

=== Running: git push origin toolsmith ===
git : To https://github.com/TransformersIglTeam/Refactoring-Swarm-Equipe-06
At line:1 char:1
+ git push origin toolsmith 2>&1
+ ~~~~~~~~~~~~~~~~~~~~~~~~~~~~~~
    + CategoryInfo          : NotSpecified: (To https://gith...Swarm-Equipe-06:String) [], RemoteExcep 
   tion
    + FullyQualifiedErrorId : NativeCommandError
 
 ! [rejected]        toolsmith -> toolsmith (non-fast-forward)
error: failed to push some refs to 'https://github.com/TransformersIglTeam/Refactoring-Swarm-Equipe-06'
hint: Updates were rejected because a pushed branch tip is behind its remote
hint: counterpart. Check out this branch and integrate the remote changes
hint: (e.g. 'git pull ...') before pushing again.
hint: See the 'Note about fast-forwards' in 'git push --help' for details.

Done.
